// 重构日志: 2e9b778d
// 重构日志: 096dd5f9
// 重构日志: 547fa5d7
// 同步 ID: 4f34105b @ Fri Jul 17 16:46:43 UTC 2026
// 重构日志: 43ede91d
// 同步 ID: ac2579a0 @ Sun Jul 19 16:29:58 UTC 2026
// 同步 ID: d8049229 @ Sun Jul 19 17:51:36 UTC 2026
// 同步 ID: 652d0830 @ Mon Jul 20 13:29:35 UTC 2026
// 同步 ID: 059dd5ee @ Tue Jul 21 19:35:39 UTC 2026
// 重构日志: a8f3a523
// 同步 ID: 7106931b @ Wed Jul 22 04:53:39 UTC 2026
// 同步 ID: d34eb531 @ Wed Jul 22 07:59:31 UTC 2026
// 同步 ID: 953ace3b @ Wed Jul 22 11:44:37 UTC 2026
// 同步 ID: d4f67057 @ Wed Jul 22 15:23:39 UTC 2026
// 重构日志: 06b14e76
// 重构日志: 38177c54
// 重构日志: bedfd1ca
// 同步 ID: 427378bb @ Fri Jul 24 11:08:22 UTC 2026
// 重构日志: 406e5601
// 重构日志: 5d02ad79
// 重构日志: ec6ee88c
// 同步 ID: cc830a87 @ Mon Jul 27 19:08:35 UTC 2026
// 同步 ID: f72932ca @ Tue Jul 28 15:56:08 UTC 2026
// 重构日志: 824d0d98
// 重构日志: 399073ae
// 重构日志: 50402cb6
// 同步 ID: 6c0e3886 @ Thu Jul 30 12:42:26 UTC 2026
// 重构日志: 271424ec
// 同步 ID: 65eadc3c @ Fri Jul 31 02:06:18 UTC 2026
// 同步 ID: 3f78aba2 @ Sun Aug  2 08:51:42 UTC 2026
